// Jest Snapshot v1, https://goo.gl/fbAQLP

exports[
  `Feature : LifestyleCard 컴포넌트로 유저의 라이프스타일을 카드로 보여준다 Scenario : 입력값에 따라 정상적으로 렌더링 되어야한다 
      Given : imageUrl, nickname, profileImageUrl, isBookmarked, onClick을 설정할 수 있다.
      When : imageUrl, nickname, profileImageUrl을 설정할 수 있다.
      Then : 설정한 값들이 정상적으로 DOM Element에 렌더링된다
     1`
] = `
<div
  class="sc-gsTCUz cwkpTi"
>
  <div
    class="sc-dlfnbm kKmhwS"
  >
    <img
      alt="test2.jpg"
      class="sc-hKgILt ebZgFx"
      src="test2.jpg"
    />
    <div
      class="sc-eCssSg kKIFdq"
    >
      테스트 유저
    </div>
  </div>
  <div
    class="sc-jSgupP dtZhcH"
  >
    <img
      alt="test1.jpg"
      class="sc-gKsewC fhZKnu"
      src="test1.jpg"
    />
    <button
      class="sc-iBPRYJ bEsZG"
      data-testid="BOOKMARK_TEST_ID"
      type="button"
    >
      <div
        class="sc-bdfBwQ fHaqba"
      >
        <img
          alt="bookmark-icon"
          class="bookmark-icon"
          src=""
        />
      </div>
    </button>
  </div>
</div>
`;
